// Jest Snapshot v1, https://goo.gl/fbAQLP

exports[`Test Create snapshot for a MissionItem 1`] = `
Object {
  "asFragment": [Function],
  "baseElement": <body>
    <div>
      <div
        class="missions-item"
      >
        <header
          class="missions-data"
        >
          <h3
            class="missions-text title"
          >
            Thaicom
          </h3>
        </header>
        <div
          class="missions-data"
        >
          <p
            class="missions-text parragraph"
          >
            Hello World!
          </p>
        </div>
        <div
          class="missions-data center"
        >
          <p
            class="missions-text tag"
          >
            Not a Member
          </p>
        </div>
        <div
          class="missions-data center"
        >
          <button
            class="missions-text button join"
            type="button"
          >
            Join Mission
          </button>
        </div>
      </div>
    </div>
  </body>,
  "container": <div>
    <div
      class="missions-item"
    >
      <header
        class="missions-data"
      >
        <h3
          class="missions-text title"
        >
          Thaicom
        </h3>
      </header>
      <div
        class="missions-data"
      >
        <p
          class="missions-text parragraph"
        >
          Hello World!
        </p>
      </div>
      <div
        class="missions-data center"
      >
        <p
          class="missions-text tag"
        >
          Not a Member
        </p>
      </div>
      <div
        class="missions-data center"
      >
        <button
          class="missions-text button join"
          type="button"
        >
          Join Mission
        </button>
      </div>
    </div>
  </div>,
  "debug": [Function],
  "findAllByAltText": [Function],
  "findAllByDisplayValue": [Function],
  "findAllByLabelText": [Function],
  "findAllByPlaceholderText": [Function],
  "findAllByRole": [Function],
  "findAllByTestId": [Function],
  "findAllByText": [Function],
  "findAllByTitle": [Function],
  "findByAltText": [Function],
  "findByDisplayValue": [Function],
  "findByLabelText": [Function],
  "findByPlaceholderText": [Function],
  "findByRole": [Function],
  "findByTestId": [Function],
  "findByText": [Function],
  "findByTitle": [Function],
  "getAllByAltText": [Function],
  "getAllByDisplayValue": [Function],
  "getAllByLabelText": [Function],
  "getAllByPlaceholderText": [Function],
  "getAllByRole": [Function],
  "getAllByTestId": [Function],
  "getAllByText": [Function],
  "getAllByTitle": [Function],
  "getByAltText": [Function],
  "getByDisplayValue": [Function],
  "getByLabelText": [Function],
  "getByPlaceholderText": [Function],
  "getByRole": [Function],
  "getByTestId": [Function],
  "getByText": [Function],
  "getByTitle": [Function],
  "queryAllByAltText": [Function],
  "queryAllByDisplayValue": [Function],
  "queryAllByLabelText": [Function],
  "queryAllByPlaceholderText": [Function],
  "queryAllByRole": [Function],
  "queryAllByTestId": [Function],
  "queryAllByText": [Function],
  "queryAllByTitle": [Function],
  "queryByAltText": [Function],
  "queryByDisplayValue": [Function],
  "queryByLabelText": [Function],
  "queryByPlaceholderText": [Function],
  "queryByRole": [Function],
  "queryByTestId": [Function],
  "queryByText": [Function],
  "queryByTitle": [Function],
  "rerender": [Function],
  "unmount": [Function],
}
`;
