// Jest Snapshot v1, https://goo.gl/fbAQLP

exports[`Test rocket component Create snapshot for rocket 1`] = `
Object {
  "asFragment": [Function],
  "baseElement": <body>
    <div>
      <section>
        <div
          class="flex justify-start px-16"
        >
          <div
            class="w-52"
          >
            <img
              alt="roket"
              class="img"
            />
          </div>
          <div
            class="w-3/4 ml-4 text-base"
          >
            <h3
              class="font-bold text-lg mt-2"
            >
              roket
            </h3>
            <p>
              Rockets
            </p>
            <button
              class="bg-blue-600 px-4 py-1 text-white rounded mt-2"
              type="button"
            >
              Reserve Rocket
            </button>
          </div>
        </div>
      </section>
    </div>
  </body>,
  "container": <div>
    <section>
      <div
        class="flex justify-start px-16"
      >
        <div
          class="w-52"
        >
          <img
            alt="roket"
            class="img"
          />
        </div>
        <div
          class="w-3/4 ml-4 text-base"
        >
          <h3
            class="font-bold text-lg mt-2"
          >
            roket
          </h3>
          <p>
            Rockets
          </p>
          <button
            class="bg-blue-600 px-4 py-1 text-white rounded mt-2"
            type="button"
          >
            Reserve Rocket
          </button>
        </div>
      </div>
    </section>
  </div>,
  "debug": [Function],
  "findAllByAltText": [Function],
  "findAllByDisplayValue": [Function],
  "findAllByLabelText": [Function],
  "findAllByPlaceholderText": [Function],
  "findAllByRole": [Function],
  "findAllByTestId": [Function],
  "findAllByText": [Function],
  "findAllByTitle": [Function],
  "findByAltText": [Function],
  "findByDisplayValue": [Function],
  "findByLabelText": [Function],
  "findByPlaceholderText": [Function],
  "findByRole": [Function],
  "findByTestId": [Function],
  "findByText": [Function],
  "findByTitle": [Function],
  "getAllByAltText": [Function],
  "getAllByDisplayValue": [Function],
  "getAllByLabelText": [Function],
  "getAllByPlaceholderText": [Function],
  "getAllByRole": [Function],
  "getAllByTestId": [Function],
  "getAllByText": [Function],
  "getAllByTitle": [Function],
  "getByAltText": [Function],
  "getByDisplayValue": [Function],
  "getByLabelText": [Function],
  "getByPlaceholderText": [Function],
  "getByRole": [Function],
  "getByTestId": [Function],
  "getByText": [Function],
  "getByTitle": [Function],
  "queryAllByAltText": [Function],
  "queryAllByDisplayValue": [Function],
  "queryAllByLabelText": [Function],
  "queryAllByPlaceholderText": [Function],
  "queryAllByRole": [Function],
  "queryAllByTestId": [Function],
  "queryAllByText": [Function],
  "queryAllByTitle": [Function],
  "queryByAltText": [Function],
  "queryByDisplayValue": [Function],
  "queryByLabelText": [Function],
  "queryByPlaceholderText": [Function],
  "queryByRole": [Function],
  "queryByTestId": [Function],
  "queryByText": [Function],
  "queryByTitle": [Function],
  "rerender": [Function],
  "unmount": [Function],
}
`;
