// Jest Snapshot v1, https://goo.gl/fbAQLP

exports[`Add Test Take snapshot of this container 1`] = `
Object {
  "asFragment": [Function],
  "baseElement": <body>
    <div>
      <div
        class="missions"
      >
        <div
          class="missions-content container"
        >
          <div
            class="missions-table"
          >
            <header
              class="missions-heading"
            >
              <h2
                class="missions-title"
              >
                Missions
              </h2>
              <h2
                class="missions-title"
              >
                Description
              </h2>
              <h2
                class="missions-title"
              >
                Status
              </h2>
              <span
                class="missions-title"
              />
            </header>
            <div
              class="missions-body"
            />
          </div>
        </div>
      </div>
    </div>
  </body>,
  "container": <div>
    <div
      class="missions"
    >
      <div
        class="missions-content container"
      >
        <div
          class="missions-table"
        >
          <header
            class="missions-heading"
          >
            <h2
              class="missions-title"
            >
              Missions
            </h2>
            <h2
              class="missions-title"
            >
              Description
            </h2>
            <h2
              class="missions-title"
            >
              Status
            </h2>
            <span
              class="missions-title"
            />
          </header>
          <div
            class="missions-body"
          />
        </div>
      </div>
    </div>
  </div>,
  "debug": [Function],
  "findAllByAltText": [Function],
  "findAllByDisplayValue": [Function],
  "findAllByLabelText": [Function],
  "findAllByPlaceholderText": [Function],
  "findAllByRole": [Function],
  "findAllByTestId": [Function],
  "findAllByText": [Function],
  "findAllByTitle": [Function],
  "findByAltText": [Function],
  "findByDisplayValue": [Function],
  "findByLabelText": [Function],
  "findByPlaceholderText": [Function],
  "findByRole": [Function],
  "findByTestId": [Function],
  "findByText": [Function],
  "findByTitle": [Function],
  "getAllByAltText": [Function],
  "getAllByDisplayValue": [Function],
  "getAllByLabelText": [Function],
  "getAllByPlaceholderText": [Function],
  "getAllByRole": [Function],
  "getAllByTestId": [Function],
  "getAllByText": [Function],
  "getAllByTitle": [Function],
  "getByAltText": [Function],
  "getByDisplayValue": [Function],
  "getByLabelText": [Function],
  "getByPlaceholderText": [Function],
  "getByRole": [Function],
  "getByTestId": [Function],
  "getByText": [Function],
  "getByTitle": [Function],
  "queryAllByAltText": [Function],
  "queryAllByDisplayValue": [Function],
  "queryAllByLabelText": [Function],
  "queryAllByPlaceholderText": [Function],
  "queryAllByRole": [Function],
  "queryAllByTestId": [Function],
  "queryAllByText": [Function],
  "queryAllByTitle": [Function],
  "queryByAltText": [Function],
  "queryByDisplayValue": [Function],
  "queryByLabelText": [Function],
  "queryByPlaceholderText": [Function],
  "queryByRole": [Function],
  "queryByTestId": [Function],
  "queryByText": [Function],
  "queryByTitle": [Function],
  "rerender": [Function],
  "unmount": [Function],
}
`;
